15:26:04 **** Build of configuration Nios II for project final_project ****
make all 
Info: Building ../final_project_bsp/
D:/intelFPGA_lite/18.1/nios2eds/bin/gnu/H-x86_64-mingw32/bin/make --no-print-directory -C ../final_project_bsp/
[BSP build complete]
Info: Compiling i2c_hal.c to obj/default/i2c_hal.o
nios2-elf-gcc -xc -MP -MMD -c -I../final_project_bsp//HAL/inc -I../final_project_bsp/ -I../final_project_bsp//drivers/inc  -pipe -D__hal__ -DALT_NO_INSTRUCTION_EMULATION -DALT_USE_SMALL_DRIVERS -DSMALL_C_LIB -DALT_SINGLE_THREADED    -O0 -g -Wall   -mno-hw-div -mno-hw-mul -mno-hw-mulx -mgpopt=global  -o obj/default/i2c_hal.o i2c_hal.c
Info: Compiling main.c to obj/default/main.o
nios2-elf-gcc -xc -MP -MMD -c -I../final_project_bsp//HAL/inc -I../final_project_bsp/ -I../final_project_bsp//drivers/inc  -pipe -D__hal__ -DALT_NO_INSTRUCTION_EMULATION -DALT_USE_SMALL_DRIVERS -DSMALL_C_LIB -DALT_SINGLE_THREADED    -O0 -g -Wall   -mno-hw-div -mno-hw-mul -mno-hw-mulx -mgpopt=global  -o obj/default/main.o main.c
Info: Linking final_project.elf
nios2-elf-g++  -T'../final_project_bsp//linker.x' -msys-crt0='../final_project_bsp//obj/HAL/src/crt0.o' -msys-lib=hal_bsp -L../final_project_bsp/  -msmallc  -Wl,-Map=final_project.map   -O0 -g -Wall   -mno-hw-div -mno-hw-mul -mno-hw-mulx -mgpopt=global  -o final_project.elf obj/default/i2c_hal.o obj/default/main.o -lm -msys-lib=m
nios2-elf-insert final_project.elf --thread_model hal --cpu_name nios2_gen2_0 --qsys true --simulation_enabled false --stderr_dev jtag_uart_0 --stdin_dev jtag_uart_0 --stdout_dev jtag_uart_0 --sopc_system_name system --quartus_project_dir "D:/intelFPGA_lite/final_project" --jdi ../..//output_files/final_project.jdi --sopcinfo D:/intelFPGA_lite/final_project/software/final_project_bsp/../../system.sopcinfo
Info: (final_project.elf) 19 KBytes program size (code + initialized data).
Info:                     11 KBytes free for stack + heap.
Info: Creating final_project.objdump
nios2-elf-objdump --disassemble --syms --all-header --source final_project.elf >final_project.objdump
[final_project build complete]
15:26:27 **** Build of configuration Nios II for project final_project ****
make all 
Info: Building ../final_project_bsp/
D:/intelFPGA_lite/18.1/nios2eds/bin/gnu/H-x86_64-mingw32/bin/make --no-print-directory -C ../final_project_bsp/
[BSP build complete]
[final_project build complete]
15:26:29 **** Incremental Build of configuration Nios II for project final_project ****
make all 
Info: Building ../final_project_bsp/
D:/intelFPGA_lite/18.1/nios2eds/bin/gnu/H-x86_64-mingw32/bin/make --no-print-directory -C ../final_project_bsp/
[BSP build complete]
[final_project build complete]
